[2025-08-26 08:48:34] ERROR: Unauthorized access attempt to index.php
[2025-08-26 08:50:12] ERROR: Unauthorized access attempt to index.php
